// Jest Snapshot v1, https://goo.gl/fbAQLP

exports[`DraggableView Rendering should match to snapshot 1`] = `
<AnimatedComponent
  onMoveShouldSetResponder={[Function]}
  onMoveShouldSetResponderCapture={[Function]}
  onResponderEnd={[Function]}
  onResponderGrant={[Function]}
  onResponderMove={[Function]}
  onResponderReject={[Function]}
  onResponderRelease={[Function]}
  onResponderStart={[Function]}
  onResponderTerminate={[Function]}
  onResponderTerminationRequest={[Function]}
  onStartShouldSetResponder={[Function]}
  onStartShouldSetResponderCapture={[Function]}
  style={
    Array [
      Object {
        "left": 0,
        "top": 0,
      },
      undefined,
    ]
  }
/>
`;
